[INFO] Scanning for projects...
[INFO] 
[INFO] ------------------< ai.wealthwise:wealthwise-backend >------------------
[INFO] Building WealthWise AI Backend 1.0.0
[INFO]   from pom.xml
[INFO] --------------------------------[ jar ]---------------------------------
[INFO] 
[INFO] --- clean:3.3.2:clean (default-clean) @ wealthwise-backend ---
[INFO] Deleting D:\HCLTech\FinTechs\wealthwise-ai\backend\target
[INFO] 
[INFO] --- resources:3.3.1:resources (default-resources) @ wealthwise-backend ---
[INFO] Copying 1 resource from src\main\resources to target\classes
[INFO] Copying 0 resource from src\main\resources to target\classes
[INFO] 
[INFO] --- compiler:3.11.0:compile (default-compile) @ wealthwise-backend ---
[INFO] Changes detected - recompiling the module! :source
[INFO] Compiling 124 source files with javac [debug release 17] to target\classes
[INFO] /D:/HCLTech/FinTechs/wealthwise-ai/backend/src/main/java/ai/wealthwise/service/DocumentParsingService.java: Some input files use unchecked or unsafe operations.
[INFO] /D:/HCLTech/FinTechs/wealthwise-ai/backend/src/main/java/ai/wealthwise/service/DocumentParsingService.java: Recompile with -Xlint:unchecked for details.
[INFO] -------------------------------------------------------------
[WARNING] COMPILATION WARNING : 
[INFO] -------------------------------------------------------------
[WARNING] /D:/HCLTech/FinTechs/wealthwise-ai/backend/src/main/java/ai/wealthwise/model/dto/auth/RegisterRequest.java:[38,20] @Builder will ignore the initializing expression entirely. If you want the initializing expression to serve as default, add @Builder.Default. If it is not supposed to be settable during building, make the field final.
[INFO] 1 warning
[INFO] -------------------------------------------------------------
[INFO] -------------------------------------------------------------
[ERROR] COMPILATION ERROR : 
[INFO] -------------------------------------------------------------
[ERROR] /D:/HCLTech/FinTechs/wealthwise-ai/backend/src/main/java/ai/wealthwise/controller/AnalyticsController.java:[180,25] incompatible types: inference variable T has incompatible bounds
    equality constraints: java.util.Map<java.lang.String,java.lang.Object>
    lower bounds: java.util.Map<java.lang.String,java.lang.Object&java.io.Serializable&java.lang.Comparable<? extends java.lang.Comparable<?>>>
[INFO] 1 error
[INFO] -------------------------------------------------------------
[INFO] ------------------------------------------------------------------------
[INFO] BUILD FAILURE
[INFO] ------------------------------------------------------------------------
[INFO] Total time:  15.931 s
[INFO] Finished at: 2026-02-05T17:33:24+05:30
[INFO] ------------------------------------------------------------------------
[ERROR] Failed to execute goal org.apache.maven.plugins:maven-compiler-plugin:3.11.0:compile (default-compile) on project wealthwise-backend: Compilation failure
[ERROR] /D:/HCLTech/FinTechs/wealthwise-ai/backend/src/main/java/ai/wealthwise/controller/AnalyticsController.java:[180,25] incompatible types: inference variable T has incompatible bounds
[ERROR]     equality constraints: java.util.Map<java.lang.String,java.lang.Object>
[ERROR]     lower bounds: java.util.Map<java.lang.String,java.lang.Object&java.io.Serializable&java.lang.Comparable<? extends java.lang.Comparable<?>>>
[ERROR] 
[ERROR] -> [Help 1]
[ERROR] 
[ERROR] To see the full stack trace of the errors, re-run Maven with the -e switch.
[ERROR] Re-run Maven using the -X switch to enable full debug logging.
[ERROR] 
[ERROR] For more information about the errors and possible solutions, please read the following articles:
[ERROR] [Help 1] http://cwiki.apache.org/confluence/display/MAVEN/MojoFailureException
